// Jest Snapshot v1, https://goo.gl/fbAQLP

exports[`<Output> should call action on currency input change 1`] = `
Array [
  Object {
    "payload": "42",
    "type": "exchange/AMOUNT_OUTPUT",
  },
]
`;

exports[`<Output> should render 1`] = `
<div>
  <CurrencySelect
    currencyName="BAR"
    onNext={[Function]}
    onPrev={[Function]}
  >
    <div
      className="input_wrapper"
    >
      <input
        autoFocus={true}
        className="input"
        onChange={[Function]}
        style={
          Object {
            "fontSize": 42,
          }
        }
        type="text"
        value="23.99"
      />
    </div>
  </CurrencySelect>
  <div
    className="rate_wrapper"
  >
    <span>
      1 
      FOO
       = 
      0.57
       
      BAR
    </span>
  </div>
</div>
`;
